2026-07-30 22:23:06 [INFO    ] piia — ════════════════════════════════════════════════════════════
2026-07-30 22:23:06 [INFO    ] piia —   PIIA v2.10 — Fase 1
2026-07-30 22:23:06 [INFO    ] piia —   Início: 2026-07-30 22:23:06
2026-07-30 22:23:06 [INFO    ] piia —   ROOT  : C:\Users\Admins\Desktop\sampleproject
2026-07-30 22:23:06 [INFO    ] piia — ════════════════════════════════════════════════════════════
2026-07-30 22:23:06 [INFO    ] piia — ✅ Base de dados OK.
2026-07-30 22:23:06 [INFO    ] piia — ▶ SCRAPING — recolher anúncios
2026-07-30 22:23:06 [INFO    ] piia — ✅ Base de dados OK.
2026-07-30 22:23:06 [INFO    ] piia —   ▶ RE/MAX Angola | compra
2026-07-30 22:23:06 [INFO    ] piia —     [RE/MAX] Retomando do checkpoint: pág 25
2026-07-30 22:23:06 [WARNING ] piia — [RE/MAX] Rede HTTPSConnectionPool(host='www.remax-multitrust.co.ao', port=443): Max retries exceeded with url: /search/listing-search/docs/search (Caused by NameResolutionError("HTTPSConnection(host='www.remax-multitrust.co.ao', port=443): Failed to resolve 'www.remax-multitrust.co.ao' ([Errno 11001] getaddrinfo failed)")) | tentativa 1
2026-07-30 22:23:08 [WARNING ] piia — [RE/MAX] Rede HTTPSConnectionPool(host='www.remax-multitrust.co.ao', port=443): Max retries exceeded with url: /search/listing-search/docs/search (Caused by NameResolutionError("HTTPSConnection(host='www.remax-multitrust.co.ao', port=443): Failed to resolve 'www.remax-multitrust.co.ao' ([Errno 11001] getaddrinfo failed)")) | tentativa 2
2026-07-30 22:23:12 [WARNING ] piia — [RE/MAX] Rede HTTPSConnectionPool(host='www.remax-multitrust.co.ao', port=443): Max retries exceeded with url: /search/listing-search/docs/search (Caused by NameResolutionError("HTTPSConnection(host='www.remax-multitrust.co.ao', port=443): Failed to resolve 'www.remax-multitrust.co.ao' ([Errno 11001] getaddrinfo failed)")) | tentativa 3
2026-07-30 22:23:12 [WARNING ] piia — [RE/MAX] Rede HTTPSConnectionPool(host='www.remax-multitrust.co.ao', port=443): Max retries exceeded with url: /search/listing-search/docs/search (Caused by NameResolutionError("HTTPSConnection(host='www.remax-multitrust.co.ao', port=443): Failed to resolve 'www.remax-multitrust.co.ao' ([Errno 11001] getaddrinfo failed)")) | tentativa 1
2026-07-30 22:23:14 [WARNING ] piia — [RE/MAX] Rede HTTPSConnectionPool(host='www.remax-multitrust.co.ao', port=443): Max retries exceeded with url: /search/listing-search/docs/search (Caused by NameResolutionError("HTTPSConnection(host='www.remax-multitrust.co.ao', port=443): Failed to resolve 'www.remax-multitrust.co.ao' ([Errno 11001] getaddrinfo failed)")) | tentativa 2
2026-07-30 22:23:18 [WARNING ] piia — [RE/MAX] Rede HTTPSConnectionPool(host='www.remax-multitrust.co.ao', port=443): Max retries exceeded with url: /search/listing-search/docs/search (Caused by NameResolutionError("HTTPSConnection(host='www.remax-multitrust.co.ao', port=443): Failed to resolve 'www.remax-multitrust.co.ao' ([Errno 11001] getaddrinfo failed)")) | tentativa 3
2026-07-30 22:23:18 [WARNING ] piia — [RE/MAX] Rede HTTPSConnectionPool(host='www.remax-multitrust.co.ao', port=443): Max retries exceeded with url: /search/listing-search/docs/search (Caused by NameResolutionError("HTTPSConnection(host='www.remax-multitrust.co.ao', port=443): Failed to resolve 'www.remax-multitrust.co.ao' ([Errno 11001] getaddrinfo failed)")) | tentativa 1
2026-07-30 22:23:21 [WARNING ] piia — [RE/MAX] Rede HTTPSConnectionPool(host='www.remax-multitrust.co.ao', port=443): Max retries exceeded with url: /search/listing-search/docs/search (Caused by NameResolutionError("HTTPSConnection(host='www.remax-multitrust.co.ao', port=443): Failed to resolve 'www.remax-multitrust.co.ao' ([Errno 11001] getaddrinfo failed)")) | tentativa 2
2026-07-30 22:23:25 [WARNING ] piia — [RE/MAX] Rede HTTPSConnectionPool(host='www.remax-multitrust.co.ao', port=443): Max retries exceeded with url: /search/listing-search/docs/search (Caused by NameResolutionError("HTTPSConnection(host='www.remax-multitrust.co.ao', port=443): Failed to resolve 'www.remax-multitrust.co.ao' ([Errno 11001] getaddrinfo failed)")) | tentativa 3
2026-07-30 22:23:25 [WARNING ] piia — [RE/MAX] Rede HTTPSConnectionPool(host='www.remax-multitrust.co.ao', port=443): Max retries exceeded with url: /search/listing-search/docs/search (Caused by NameResolutionError("HTTPSConnection(host='www.remax-multitrust.co.ao', port=443): Failed to resolve 'www.remax-multitrust.co.ao' ([Errno 11001] getaddrinfo failed)")) | tentativa 1
2026-07-30 22:23:27 [WARNING ] piia — [RE/MAX] Rede HTTPSConnectionPool(host='www.remax-multitrust.co.ao', port=443): Max retries exceeded with url: /search/listing-search/docs/search (Caused by NameResolutionError("HTTPSConnection(host='www.remax-multitrust.co.ao', port=443): Failed to resolve 'www.remax-multitrust.co.ao' ([Errno 11001] getaddrinfo failed)")) | tentativa 2
2026-07-30 22:23:31 [WARNING ] piia — [RE/MAX] Rede HTTPSConnectionPool(host='www.remax-multitrust.co.ao', port=443): Max retries exceeded with url: /search/listing-search/docs/search (Caused by NameResolutionError("HTTPSConnection(host='www.remax-multitrust.co.ao', port=443): Failed to resolve 'www.remax-multitrust.co.ao' ([Errno 11001] getaddrinfo failed)")) | tentativa 3
2026-07-30 22:23:31 [INFO    ] piia —     RE/MAX pág 25: sem links úteis.
2026-07-30 22:23:31 [WARNING ] piia — [RE/MAX] Rede HTTPSConnectionPool(host='www.remax-multitrust.co.ao', port=443): Max retries exceeded with url: /search/listing-search/docs/search (Caused by NameResolutionError("HTTPSConnection(host='www.remax-multitrust.co.ao', port=443): Failed to resolve 'www.remax-multitrust.co.ao' ([Errno 11001] getaddrinfo failed)")) | tentativa 1
2026-07-30 22:23:33 [WARNING ] piia — [RE/MAX] Rede HTTPSConnectionPool(host='www.remax-multitrust.co.ao', port=443): Max retries exceeded with url: /search/listing-search/docs/search (Caused by NameResolutionError("HTTPSConnection(host='www.remax-multitrust.co.ao', port=443): Failed to resolve 'www.remax-multitrust.co.ao' ([Errno 11001] getaddrinfo failed)")) | tentativa 2
2026-07-30 22:23:37 [WARNING ] piia — [RE/MAX] Rede HTTPSConnectionPool(host='www.remax-multitrust.co.ao', port=443): Max retries exceeded with url: /search/listing-search/docs/search (Caused by NameResolutionError("HTTPSConnection(host='www.remax-multitrust.co.ao', port=443): Failed to resolve 'www.remax-multitrust.co.ao' ([Errno 11001] getaddrinfo failed)")) | tentativa 3
2026-07-30 22:23:37 [WARNING ] piia — [RE/MAX] Rede HTTPSConnectionPool(host='www.remax-multitrust.co.ao', port=443): Max retries exceeded with url: /search/listing-search/docs/search (Caused by NameResolutionError("HTTPSConnection(host='www.remax-multitrust.co.ao', port=443): Failed to resolve 'www.remax-multitrust.co.ao' ([Errno 11001] getaddrinfo failed)")) | tentativa 1
2026-07-30 22:23:39 [WARNING ] piia — [RE/MAX] Rede HTTPSConnectionPool(host='www.remax-multitrust.co.ao', port=443): Max retries exceeded with url: /search/listing-search/docs/search (Caused by NameResolutionError("HTTPSConnection(host='www.remax-multitrust.co.ao', port=443): Failed to resolve 'www.remax-multitrust.co.ao' ([Errno 11001] getaddrinfo failed)")) | tentativa 2
2026-07-30 22:23:43 [WARNING ] piia — [RE/MAX] Rede HTTPSConnectionPool(host='www.remax-multitrust.co.ao', port=443): Max retries exceeded with url: /search/listing-search/docs/search (Caused by NameResolutionError("HTTPSConnection(host='www.remax-multitrust.co.ao', port=443): Failed to resolve 'www.remax-multitrust.co.ao' ([Errno 11001] getaddrinfo failed)")) | tentativa 3
2026-07-30 22:23:43 [WARNING ] piia — [RE/MAX] Rede HTTPSConnectionPool(host='www.remax-multitrust.co.ao', port=443): Max retries exceeded with url: /search/listing-search/docs/search (Caused by NameResolutionError("HTTPSConnection(host='www.remax-multitrust.co.ao', port=443): Failed to resolve 'www.remax-multitrust.co.ao' ([Errno 11001] getaddrinfo failed)")) | tentativa 1
2026-07-30 22:23:45 [WARNING ] piia — [RE/MAX] Rede HTTPSConnectionPool(host='www.remax-multitrust.co.ao', port=443): Max retries exceeded with url: /search/listing-search/docs/search (Caused by NameResolutionError("HTTPSConnection(host='www.remax-multitrust.co.ao', port=443): Failed to resolve 'www.remax-multitrust.co.ao' ([Errno 11001] getaddrinfo failed)")) | tentativa 2
2026-07-30 22:23:49 [WARNING ] piia — [RE/MAX] Rede HTTPSConnectionPool(host='www.remax-multitrust.co.ao', port=443): Max retries exceeded with url: /search/listing-search/docs/search (Caused by NameResolutionError("HTTPSConnection(host='www.remax-multitrust.co.ao', port=443): Failed to resolve 'www.remax-multitrust.co.ao' ([Errno 11001] getaddrinfo failed)")) | tentativa 3
2026-07-30 22:23:49 [WARNING ] piia — [RE/MAX] Rede HTTPSConnectionPool(host='www.remax-multitrust.co.ao', port=443): Max retries exceeded with url: /search/listing-search/docs/search (Caused by NameResolutionError("HTTPSConnection(host='www.remax-multitrust.co.ao', port=443): Failed to resolve 'www.remax-multitrust.co.ao' ([Errno 11001] getaddrinfo failed)")) | tentativa 1
2026-07-30 22:23:51 [WARNING ] piia — [RE/MAX] Rede HTTPSConnectionPool(host='www.remax-multitrust.co.ao', port=443): Max retries exceeded with url: /search/listing-search/docs/search (Caused by NameResolutionError("HTTPSConnection(host='www.remax-multitrust.co.ao', port=443): Failed to resolve 'www.remax-multitrust.co.ao' ([Errno 11001] getaddrinfo failed)")) | tentativa 2
2026-07-30 22:23:55 [WARNING ] piia — [RE/MAX] Rede HTTPSConnectionPool(host='www.remax-multitrust.co.ao', port=443): Max retries exceeded with url: /search/listing-search/docs/search (Caused by NameResolutionError("HTTPSConnection(host='www.remax-multitrust.co.ao', port=443): Failed to resolve 'www.remax-multitrust.co.ao' ([Errno 11001] getaddrinfo failed)")) | tentativa 3
2026-07-30 22:23:55 [INFO    ] piia —     RE/MAX pág 26: sem links úteis.
2026-07-30 22:23:55 [INFO    ] piia —   ▶ RE/MAX Angola | arrendamento
2026-07-30 22:23:55 [WARNING ] piia — [RE/MAX] Rede HTTPSConnectionPool(host='www.remax-multitrust.co.ao', port=443): Max retries exceeded with url: /search/listing-search/docs/search (Caused by NameResolutionError("HTTPSConnection(host='www.remax-multitrust.co.ao', port=443): Failed to resolve 'www.remax-multitrust.co.ao' ([Errno 11001] getaddrinfo failed)")) | tentativa 1
2026-07-30 22:23:57 [WARNING ] piia — [RE/MAX] Rede HTTPSConnectionPool(host='www.remax-multitrust.co.ao', port=443): Max retries exceeded with url: /search/listing-search/docs/search (Caused by NameResolutionError("HTTPSConnection(host='www.remax-multitrust.co.ao', port=443): Failed to resolve 'www.remax-multitrust.co.ao' ([Errno 11001] getaddrinfo failed)")) | tentativa 2
2026-07-30 22:23:59 [WARNING ] piia — Scraping interrompido pelo utilizador.
2026-07-30 22:24:01 [WARNING ] piia — [RE/MAX] Rede HTTPSConnectionPool(host='www.remax-multitrust.co.ao', port=443): Max retries exceeded with url: /search/listing-search/docs/search (Caused by NameResolutionError("HTTPSConnection(host='www.remax-multitrust.co.ao', port=443): Failed to resolve 'www.remax-multitrust.co.ao' ([Errno 11001] getaddrinfo failed)")) | tentativa 3
2026-07-30 22:24:01 [WARNING ] piia — [RE/MAX] Rede HTTPSConnectionPool(host='www.remax-multitrust.co.ao', port=443): Max retries exceeded with url: /search/listing-search/docs/search (Caused by NameResolutionError("HTTPSConnection(host='www.remax-multitrust.co.ao', port=443): Failed to resolve 'www.remax-multitrust.co.ao' ([Errno 11001] getaddrinfo failed)")) | tentativa 1
2026-07-30 22:24:03 [WARNING ] piia — [RE/MAX] Rede HTTPSConnectionPool(host='www.remax-multitrust.co.ao', port=443): Max retries exceeded with url: /search/listing-search/docs/search (Caused by NameResolutionError("HTTPSConnection(host='www.remax-multitrust.co.ao', port=443): Failed to resolve 'www.remax-multitrust.co.ao' ([Errno 11001] getaddrinfo failed)")) | tentativa 2
2026-07-30 22:24:18 [INFO    ] piia — ════════════════════════════════════════════════════════════
2026-07-30 22:24:18 [INFO    ] piia —   PIIA v2.10 — Fase 1
2026-07-30 22:24:18 [INFO    ] piia —   Início: 2026-07-30 22:24:18
2026-07-30 22:24:18 [INFO    ] piia —   ROOT  : C:\Users\Admins\Desktop\sampleproject
2026-07-30 22:24:18 [INFO    ] piia — ════════════════════════════════════════════════════════════
2026-07-30 22:24:18 [INFO    ] piia — ✅ Base de dados OK.
2026-07-30 22:24:18 [INFO    ] piia — ▶ SCRAPING — recolher anúncios
2026-07-30 22:24:18 [INFO    ] piia — ✅ Base de dados OK.
2026-07-30 22:24:18 [INFO    ] piia —   ▶ MIA | compra
2026-07-30 22:24:18 [WARNING ] piia — [MIA] Rede HTTPSConnectionPool(host='oxfqtppnalbtjefhuyzc.supabase.co', port=443): Max retries exceeded with url: /rest/v1/rpc/search_properties (Caused by NameResolutionError("HTTPSConnection(host='oxfqtppnalbtjefhuyzc.supabase.co', port=443): Failed to resolve 'oxfqtppnalbtjefhuyzc.supabase.co' ([Errno 11001] getaddrinfo failed)")) | listagem p1 t1
2026-07-30 22:24:23 [WARNING ] piia — [MIA] Rede HTTPSConnectionPool(host='oxfqtppnalbtjefhuyzc.supabase.co', port=443): Max retries exceeded with url: /rest/v1/rpc/search_properties (Caused by NameResolutionError("HTTPSConnection(host='oxfqtppnalbtjefhuyzc.supabase.co', port=443): Failed to resolve 'oxfqtppnalbtjefhuyzc.supabase.co' ([Errno 11001] getaddrinfo failed)")) | listagem p1 t2
2026-07-30 22:24:33 [WARNING ] piia — [MIA] Rede HTTPSConnectionPool(host='oxfqtppnalbtjefhuyzc.supabase.co', port=443): Max retries exceeded with url: /rest/v1/rpc/search_properties (Caused by NameResolutionError("HTTPSConnection(host='oxfqtppnalbtjefhuyzc.supabase.co', port=443): Failed to resolve 'oxfqtppnalbtjefhuyzc.supabase.co' ([Errno 11001] getaddrinfo failed)")) | listagem p1 t3
2026-07-30 22:24:34 [WARNING ] piia —     [MIA] Sem resposta RPC na pág 1.
2026-07-30 22:24:35 [INFO    ] piia —   ▶ MIA | arrendamento
2026-07-30 22:24:35 [WARNING ] piia — [MIA] Rede HTTPSConnectionPool(host='oxfqtppnalbtjefhuyzc.supabase.co', port=443): Max retries exceeded with url: /rest/v1/rpc/search_properties (Caused by NameResolutionError("HTTPSConnection(host='oxfqtppnalbtjefhuyzc.supabase.co', port=443): Failed to resolve 'oxfqtppnalbtjefhuyzc.supabase.co' ([Errno 11001] getaddrinfo failed)")) | listagem p1 t1
2026-07-30 22:24:40 [WARNING ] piia — [MIA] Rede HTTPSConnectionPool(host='oxfqtppnalbtjefhuyzc.supabase.co', port=443): Max retries exceeded with url: /rest/v1/rpc/search_properties (Caused by NameResolutionError("HTTPSConnection(host='oxfqtppnalbtjefhuyzc.supabase.co', port=443): Failed to resolve 'oxfqtppnalbtjefhuyzc.supabase.co' ([Errno 11001] getaddrinfo failed)")) | listagem p1 t2
2026-07-30 22:24:50 [WARNING ] piia — [MIA] Rede HTTPSConnectionPool(host='oxfqtppnalbtjefhuyzc.supabase.co', port=443): Max retries exceeded with url: /rest/v1/rpc/search_properties (Caused by NameResolutionError("HTTPSConnection(host='oxfqtppnalbtjefhuyzc.supabase.co', port=443): Failed to resolve 'oxfqtppnalbtjefhuyzc.supabase.co' ([Errno 11001] getaddrinfo failed)")) | listagem p1 t3
2026-07-30 22:24:50 [WARNING ] piia —     [MIA] Sem resposta RPC na pág 1.
2026-07-30 22:24:50 [INFO    ] piia —   ✔ MIA: 0 anúncios total
2026-07-30 22:24:51 [WARNING ] piia — Scraping interrompido pelo utilizador.
2026-07-30 22:24:51 [INFO    ] piia — ════════════════════════════════════════════════════════════
2026-07-30 22:24:51 [INFO    ] piia —   RESUMO BASE DE DADOS
2026-07-30 22:24:51 [INFO    ] piia —   Total anúncios activos : 6332
2026-07-30 22:24:51 [INFO    ] piia —   → Compra               : 5433
2026-07-30 22:24:52 [INFO    ] piia —   → Arrendamento         : 899
2026-07-30 22:24:52 [INFO    ] piia —   Bairros com dados      : 181
2026-07-30 22:24:52 [INFO    ] piia —   Hist. alterações preço : 1
2026-07-30 22:24:52 [INFO    ] piia —   Última extração        : 2026-07-14T18:15:10.295099
2026-07-30 22:24:52 [INFO    ] piia — ════════════════════════════════════════════════════════════
2026-07-30 22:24:52 [INFO    ] piia — ✅ PIIA Fase 1 concluída.
