2026-07-09 11:27:04 [INFO    ] piia — ════════════════════════════════════════════════════════════
2026-07-09 11:27:04 [INFO    ] piia —   PIIA v2.10 — Fase 1
2026-07-09 11:27:05 [INFO    ] piia —   Início: 2026-07-09 11:27:05
2026-07-09 11:27:05 [INFO    ] piia —   ROOT  : C:\Users\Admins\Desktop\sampleproject
2026-07-09 11:27:05 [INFO    ] piia — ════════════════════════════════════════════════════════════
2026-07-09 11:27:05 [INFO    ] piia — ▶ SETUP — criar estrutura de pastas
2026-07-09 11:31:06 [INFO    ] piia — ════════════════════════════════════════════════════════════
2026-07-09 11:31:07 [INFO    ] piia —   PIIA v2.10 — Fase 1
2026-07-09 11:31:07 [INFO    ] piia —   Início: 2026-07-09 11:31:07
2026-07-09 11:31:07 [INFO    ] piia —   ROOT  : C:\Users\Admins\Desktop\sampleproject
2026-07-09 11:31:07 [INFO    ] piia — ════════════════════════════════════════════════════════════
2026-07-09 11:31:07 [INFO    ] piia — ▶ SETUP — criar estrutura de pastas
2026-07-09 11:31:07 [INFO    ] piia —   ✔ config
2026-07-09 11:31:07 [INFO    ] piia —   ✔ database
2026-07-09 11:31:07 [INFO    ] piia —   ✔ data/raw
2026-07-09 11:31:07 [INFO    ] piia —   ✔ data/processed
2026-07-09 11:31:07 [INFO    ] piia —   ✔ data/cache
2026-07-09 11:31:07 [INFO    ] piia —   ✔ reports/excel
2026-07-09 11:31:07 [INFO    ] piia —   ✔ reports/pdf
2026-07-09 11:31:07 [INFO    ] piia —   ✔ reports/dashboards
2026-07-09 11:31:07 [INFO    ] piia —   ✔ market_reports/PDFs Mercado
2026-07-09 11:31:07 [INFO    ] piia —   ✔ market_reports/Noticias
2026-07-09 11:31:07 [INFO    ] piia —   ✔ market_reports/Processados
2026-07-09 11:31:07 [INFO    ] piia —   ✔ project_sources/Infraestruturas
2026-07-09 11:31:07 [INFO    ] piia —   ✔ project_sources/Projetos Publicos
2026-07-09 11:31:07 [INFO    ] piia —   ✔ project_sources/Projetos Privados
2026-07-09 11:31:07 [INFO    ] piia —   ✔ project_sources/Noticias
2026-07-09 11:31:07 [INFO    ] piia —   ✔ screenshots
2026-07-09 11:31:07 [INFO    ] piia —   ✔ html_debug
2026-07-09 11:31:07 [INFO    ] piia —   ✔ logs
2026-07-09 11:31:07 [INFO    ] piia —   ✔ tests
2026-07-09 11:31:07 [INFO    ] piia —   ✔ backups
2026-07-09 11:31:07 [INFO    ] piia —   ✔ src
2026-07-09 11:31:07 [INFO    ] piia — ✅ Estrutura criada.
2026-07-09 11:31:07 [INFO    ] piia — ✅ Base de dados OK.
2026-07-09 11:31:07 [INFO    ] piia — ▶ SCRAPING — recolher anúncios
2026-07-09 11:31:07 [INFO    ] piia — ✅ Base de dados OK.
2026-07-09 11:31:07 [INFO    ] piia —   ▶ RE/MAX Angola | compra
2026-07-09 11:31:07 [INFO    ] piia —     [RE/MAX] Retomando do checkpoint: pág 25
2026-07-09 11:31:12 [WARNING ] piia — [RE/MAX] HTTP 400 | tentativa 1 | body: {"error":{"code":"","message":"Invalid expression: Could not find a property named 'CountryCode' on type 'search.complex.content'.\r\nParameter name: $filter"}}
2026-07-09 11:31:15 [WARNING ] piia — [RE/MAX] HTTP 400 | tentativa 2 | body: {"error":{"code":"","message":"Invalid expression: Could not find a property named 'CountryCode' on type 'search.complex.content'.\r\nParameter name: $filter"}}
2026-07-09 11:31:19 [WARNING ] piia — [RE/MAX] HTTP 400 | tentativa 3 | body: {"error":{"code":"","message":"Invalid expression: Could not find a property named 'CountryCode' on type 'search.complex.content'.\r\nParameter name: $filter"}}
2026-07-09 11:31:19 [INFO    ] piia —     RE/MAX pág 25: sem links úteis.
2026-07-09 11:31:20 [WARNING ] piia — [RE/MAX] HTTP 400 | tentativa 1 | body: {"error":{"code":"","message":"Invalid expression: Could not find a property named 'CountryCode' on type 'search.complex.content'.\r\nParameter name: $filter"}}
2026-07-09 11:31:23 [WARNING ] piia — [RE/MAX] HTTP 400 | tentativa 2 | body: {"error":{"code":"","message":"Invalid expression: Could not find a property named 'CountryCode' on type 'search.complex.content'.\r\nParameter name: $filter"}}
2026-07-09 11:31:27 [WARNING ] piia — [RE/MAX] HTTP 400 | tentativa 3 | body: {"error":{"code":"","message":"Invalid expression: Could not find a property named 'CountryCode' on type 'search.complex.content'.\r\nParameter name: $filter"}}
2026-07-09 11:31:27 [INFO    ] piia —     RE/MAX pág 26: sem links úteis.
2026-07-09 11:31:27 [INFO    ] piia —   ▶ RE/MAX Angola | arrendamento
2026-07-09 11:33:12 [INFO    ] piia —     RE/MAX pág 1/12: 0 extraídos (acum.: 0)
2026-07-09 11:35:21 [INFO    ] piia —     RE/MAX pág 2/12: 0 extraídos (acum.: 0)
2026-07-09 11:37:18 [INFO    ] piia —     RE/MAX pág 3/12: 0 extraídos (acum.: 0)
2026-07-09 11:39:20 [INFO    ] piia —     RE/MAX pág 4/12: 0 extraídos (acum.: 0)
2026-07-09 11:41:23 [INFO    ] piia —     RE/MAX pág 5/12: 0 extraídos (acum.: 0)
2026-07-09 11:43:21 [INFO    ] piia —     RE/MAX pág 6/12: 0 extraídos (acum.: 0)
2026-07-09 11:45:28 [INFO    ] piia —     RE/MAX pág 7/12: 0 extraídos (acum.: 0)
2026-07-09 11:47:29 [INFO    ] piia —     RE/MAX pág 8/12: 0 extraídos (acum.: 0)
2026-07-09 11:48:14 [ERROR   ] piia — Erro coleta remax: attempt to write a readonly database
2026-07-09 11:48:14 [INFO    ] piia — ──────────────────────────────────────────────────
2026-07-09 11:48:14 [INFO    ] piia —   Coletados    : 0
2026-07-09 11:48:14 [INFO    ] piia —   Novos        : 0
2026-07-09 11:48:14 [INFO    ] piia —   Atualizados  : 0
2026-07-09 11:48:14 [INFO    ] piia —   Preço alterado: 0
2026-07-09 11:48:14 [INFO    ] piia —   Removidos    : 0
2026-07-09 11:48:14 [INFO    ] piia —   Erros        : 1
2026-07-09 11:48:14 [INFO    ] piia — ──────────────────────────────────────────────────
2026-07-09 11:48:14 [ERROR   ] piia — Erro fatal no scraping: attempt to write a readonly database
2026-07-09 12:17:56 [INFO    ] piia — ════════════════════════════════════════════════════════════
2026-07-09 12:17:56 [INFO    ] piia —   PIIA v2.10 — Fase 1
2026-07-09 12:17:56 [INFO    ] piia —   Início: 2026-07-09 12:17:56
2026-07-09 12:17:56 [INFO    ] piia —   ROOT  : C:\Users\Admins\Desktop\sampleproject
2026-07-09 12:17:56 [INFO    ] piia — ════════════════════════════════════════════════════════════
2026-07-09 12:17:56 [INFO    ] piia — ▶ SETUP — criar estrutura de pastas
2026-07-09 12:17:56 [INFO    ] piia —   ✔ config
2026-07-09 12:17:56 [INFO    ] piia —   ✔ database
2026-07-09 12:17:56 [INFO    ] piia —   ✔ data/raw
2026-07-09 12:17:56 [INFO    ] piia —   ✔ data/processed
2026-07-09 12:17:56 [INFO    ] piia —   ✔ data/cache
2026-07-09 12:17:56 [INFO    ] piia —   ✔ reports/excel
2026-07-09 12:17:56 [INFO    ] piia —   ✔ reports/pdf
2026-07-09 12:17:56 [INFO    ] piia —   ✔ reports/dashboards
2026-07-09 12:17:56 [INFO    ] piia —   ✔ market_reports/PDFs Mercado
2026-07-09 12:17:56 [INFO    ] piia —   ✔ market_reports/Noticias
2026-07-09 12:17:56 [INFO    ] piia —   ✔ market_reports/Processados
2026-07-09 12:17:56 [INFO    ] piia —   ✔ project_sources/Infraestruturas
2026-07-09 12:17:56 [INFO    ] piia —   ✔ project_sources/Projetos Publicos
2026-07-09 12:17:56 [INFO    ] piia —   ✔ project_sources/Projetos Privados
2026-07-09 12:17:56 [INFO    ] piia —   ✔ project_sources/Noticias
2026-07-09 12:17:56 [INFO    ] piia —   ✔ screenshots
2026-07-09 12:17:56 [INFO    ] piia —   ✔ html_debug
2026-07-09 12:17:56 [INFO    ] piia —   ✔ logs
2026-07-09 12:17:56 [INFO    ] piia —   ✔ tests
2026-07-09 12:17:57 [INFO    ] piia —   ✔ backups
2026-07-09 12:17:57 [INFO    ] piia —   ✔ src
2026-07-09 12:17:57 [INFO    ] piia — ✅ Estrutura criada.
2026-07-09 12:17:57 [INFO    ] piia — ✅ Base de dados OK.
2026-07-09 12:17:57 [INFO    ] piia — ▶ SCRAPING — recolher anúncios
2026-07-09 12:17:57 [INFO    ] piia — ✅ Base de dados OK.
2026-07-09 12:17:57 [INFO    ] piia —   ▶ RE/MAX Angola | compra
2026-07-09 12:17:57 [INFO    ] piia —     [RE/MAX] Retomando do checkpoint: pág 25
2026-07-09 12:18:04 [WARNING ] piia — [RE/MAX] HTTP 400 | tentativa 1 | body: {"error":{"code":"","message":"Invalid expression: Could not find a property named 'CountryCode' on type 'search.complex.content'.\r\nParameter name: $filter"}}
2026-07-09 12:18:07 [WARNING ] piia — [RE/MAX] HTTP 400 | tentativa 2 | body: {"error":{"code":"","message":"Invalid expression: Could not find a property named 'CountryCode' on type 'search.complex.content'.\r\nParameter name: $filter"}}
2026-07-09 12:18:11 [WARNING ] piia — [RE/MAX] HTTP 400 | tentativa 3 | body: {"error":{"code":"","message":"Invalid expression: Could not find a property named 'CountryCode' on type 'search.complex.content'.\r\nParameter name: $filter"}}
2026-07-09 12:18:11 [INFO    ] piia —     RE/MAX pág 25: sem links úteis.
2026-07-09 12:18:13 [WARNING ] piia — [RE/MAX] HTTP 400 | tentativa 1 | body: {"error":{"code":"","message":"Invalid expression: Could not find a property named 'CountryCode' on type 'search.complex.content'.\r\nParameter name: $filter"}}
2026-07-09 12:18:15 [WARNING ] piia — [RE/MAX] HTTP 400 | tentativa 2 | body: {"error":{"code":"","message":"Invalid expression: Could not find a property named 'CountryCode' on type 'search.complex.content'.\r\nParameter name: $filter"}}
2026-07-09 12:18:19 [WARNING ] piia — [RE/MAX] HTTP 400 | tentativa 3 | body: {"error":{"code":"","message":"Invalid expression: Could not find a property named 'CountryCode' on type 'search.complex.content'.\r\nParameter name: $filter"}}
2026-07-09 12:18:19 [INFO    ] piia —     RE/MAX pág 26: sem links úteis.
2026-07-09 12:18:19 [INFO    ] piia —   ▶ RE/MAX Angola | arrendamento
2026-07-09 12:18:19 [INFO    ] piia —     [RE/MAX] Retomando do checkpoint: pág 9
2026-07-09 12:20:35 [INFO    ] piia —     RE/MAX pág 9/12: 0 extraídos (acum.: 0)
2026-07-09 12:22:30 [INFO    ] piia —     RE/MAX pág 10/12: 0 extraídos (acum.: 0)
2026-07-09 12:22:38 [WARNING ] piia — Scraping interrompido pelo utilizador.
2026-07-09 12:22:38 [INFO    ] piia — ▶ EXCEL — exportar relatório
2026-07-09 12:24:34 [INFO    ] piia —     RE/MAX pág 11/12: 0 extraídos (acum.: 0)
2026-07-09 12:24:55 [INFO    ] piia —     RE/MAX pág 12/12: 0 extraídos (acum.: 0)
2026-07-09 12:24:58 [INFO    ] piia —   ✔ RE/MAX Angola: 0 anúncios total
2026-07-09 12:27:03 [INFO    ] piia — ════════════════════════════════════════════════════════════
2026-07-09 12:27:03 [INFO    ] piia —   PIIA v2.10 — Fase 1
2026-07-09 12:27:03 [INFO    ] piia —   Início: 2026-07-09 12:27:03
2026-07-09 12:27:03 [INFO    ] piia —   ROOT  : C:\Users\Admins\Desktop\sampleproject
2026-07-09 12:27:03 [INFO    ] piia — ════════════════════════════════════════════════════════════
2026-07-09 12:27:03 [INFO    ] piia — ▶ SETUP — criar estrutura de pastas
2026-07-09 12:27:03 [INFO    ] piia —   ✔ config
2026-07-09 12:27:03 [INFO    ] piia —   ✔ database
2026-07-09 12:27:03 [INFO    ] piia —   ✔ data/raw
2026-07-09 12:27:03 [INFO    ] piia —   ✔ data/processed
2026-07-09 12:27:03 [INFO    ] piia —   ✔ data/cache
2026-07-09 12:27:03 [INFO    ] piia —   ✔ reports/excel
2026-07-09 12:27:03 [INFO    ] piia —   ✔ reports/pdf
2026-07-09 12:27:03 [INFO    ] piia —   ✔ reports/dashboards
2026-07-09 12:27:03 [INFO    ] piia —   ✔ market_reports/PDFs Mercado
2026-07-09 12:27:03 [INFO    ] piia —   ✔ market_reports/Noticias
2026-07-09 12:27:03 [INFO    ] piia —   ✔ market_reports/Processados
2026-07-09 12:27:03 [INFO    ] piia —   ✔ project_sources/Infraestruturas
2026-07-09 12:27:03 [INFO    ] piia —   ✔ project_sources/Projetos Publicos
2026-07-09 12:27:03 [INFO    ] piia —   ✔ project_sources/Projetos Privados
2026-07-09 12:27:03 [INFO    ] piia —   ✔ project_sources/Noticias
2026-07-09 12:27:03 [INFO    ] piia —   ✔ screenshots
2026-07-09 12:27:03 [INFO    ] piia —   ✔ html_debug
2026-07-09 12:27:03 [INFO    ] piia —   ✔ logs
2026-07-09 12:27:03 [INFO    ] piia —   ✔ tests
2026-07-09 12:27:03 [INFO    ] piia —   ✔ backups
2026-07-09 12:27:03 [INFO    ] piia —   ✔ src
2026-07-09 12:27:03 [INFO    ] piia — ✅ Estrutura criada.
2026-07-09 12:27:03 [INFO    ] piia — ✅ Base de dados OK.
2026-07-09 12:27:03 [INFO    ] piia — ▶ SCRAPING — recolher anúncios
2026-07-09 12:27:03 [INFO    ] piia — ✅ Base de dados OK.
2026-07-09 12:27:03 [INFO    ] piia —   ▶ RE/MAX Angola | compra
2026-07-09 12:27:03 [INFO    ] piia —     [RE/MAX] Retomando do checkpoint: pág 25
2026-07-09 12:27:30 [WARNING ] piia — [RE/MAX] HTTP 400 | tentativa 1 | body: {"error":{"code":"","message":"Invalid expression: Could not find a property named 'CountryCode' on type 'search.complex.content'.\r\nParameter name: $filter"}}
2026-07-09 12:27:32 [WARNING ] piia — [RE/MAX] HTTP 400 | tentativa 2 | body: {"error":{"code":"","message":"Invalid expression: Could not find a property named 'CountryCode' on type 'search.complex.content'.\r\nParameter name: $filter"}}
2026-07-09 12:27:37 [WARNING ] piia — [RE/MAX] HTTP 400 | tentativa 3 | body: {"error":{"code":"","message":"Invalid expression: Could not find a property named 'CountryCode' on type 'search.complex.content'.\r\nParameter name: $filter"}}
2026-07-09 12:27:37 [INFO    ] piia —     RE/MAX pág 25: sem links úteis.
2026-07-09 12:27:56 [WARNING ] piia — [RE/MAX] HTTP 400 | tentativa 1 | body: {"error":{"code":"","message":"Invalid expression: Could not find a property named 'CountryCode' on type 'search.complex.content'.\r\nParameter name: $filter"}}
2026-07-09 12:27:58 [WARNING ] piia — [RE/MAX] HTTP 400 | tentativa 2 | body: {"error":{"code":"","message":"Invalid expression: Could not find a property named 'CountryCode' on type 'search.complex.content'.\r\nParameter name: $filter"}}
2026-07-09 12:28:02 [WARNING ] piia — [RE/MAX] HTTP 400 | tentativa 3 | body: {"error":{"code":"","message":"Invalid expression: Could not find a property named 'CountryCode' on type 'search.complex.content'.\r\nParameter name: $filter"}}
2026-07-09 12:28:02 [INFO    ] piia —     RE/MAX pág 26: sem links úteis.
2026-07-09 12:28:02 [INFO    ] piia —   ▶ RE/MAX Angola | arrendamento
2026-07-09 12:28:10 [WARNING ] piia — Scraping interrompido pelo utilizador.
2026-07-09 12:43:53 [INFO    ] piia — ════════════════════════════════════════════════════════════
2026-07-09 12:43:53 [INFO    ] piia —   PIIA v2.10 — Fase 1
2026-07-09 12:43:53 [INFO    ] piia —   Início: 2026-07-09 12:43:53
2026-07-09 12:43:53 [INFO    ] piia —   ROOT  : C:\Users\Admins\Desktop\sampleproject
2026-07-09 12:43:53 [INFO    ] piia — ════════════════════════════════════════════════════════════
2026-07-09 12:43:53 [INFO    ] piia — ▶ SETUP — criar estrutura de pastas
2026-07-09 12:43:53 [INFO    ] piia —   ✔ config
2026-07-09 12:43:53 [INFO    ] piia —   ✔ database
2026-07-09 12:43:53 [INFO    ] piia —   ✔ data/raw
2026-07-09 12:43:53 [INFO    ] piia —   ✔ data/processed
2026-07-09 12:43:53 [INFO    ] piia —   ✔ data/cache
2026-07-09 12:43:53 [INFO    ] piia —   ✔ reports/excel
2026-07-09 12:43:53 [INFO    ] piia —   ✔ reports/pdf
2026-07-09 12:43:53 [INFO    ] piia —   ✔ reports/dashboards
2026-07-09 12:43:53 [INFO    ] piia —   ✔ market_reports/PDFs Mercado
2026-07-09 12:43:53 [INFO    ] piia —   ✔ market_reports/Noticias
2026-07-09 12:43:53 [INFO    ] piia —   ✔ market_reports/Processados
2026-07-09 12:43:53 [INFO    ] piia —   ✔ project_sources/Infraestruturas
2026-07-09 12:43:53 [INFO    ] piia —   ✔ project_sources/Projetos Publicos
2026-07-09 12:43:53 [INFO    ] piia —   ✔ project_sources/Projetos Privados
2026-07-09 12:43:53 [INFO    ] piia —   ✔ project_sources/Noticias
2026-07-09 12:43:53 [INFO    ] piia —   ✔ screenshots
2026-07-09 12:43:53 [INFO    ] piia —   ✔ html_debug
2026-07-09 12:43:53 [INFO    ] piia —   ✔ logs
2026-07-09 12:43:53 [INFO    ] piia —   ✔ tests
2026-07-09 12:43:53 [INFO    ] piia —   ✔ backups
2026-07-09 12:43:53 [INFO    ] piia —   ✔ src
2026-07-09 12:43:53 [INFO    ] piia — ✅ Estrutura criada.
2026-07-09 12:43:53 [INFO    ] piia — ✅ Base de dados OK.
2026-07-09 12:43:53 [INFO    ] piia — ▶ SCRAPING — recolher anúncios
2026-07-09 12:43:53 [INFO    ] piia — ✅ Base de dados OK.
2026-07-09 12:43:53 [INFO    ] piia —   ▶ RE/MAX Angola | compra
2026-07-09 12:43:53 [INFO    ] piia —     [RE/MAX] Retomando do checkpoint: pág 25
2026-07-09 12:44:15 [WARNING ] piia — [RE/MAX] HTTP 400 | tentativa 1 | body: {"error":{"code":"","message":"Invalid expression: Could not find a property named 'CountryCode' on type 'search.complex.content'.\r\nParameter name: $filter"}}
2026-07-09 12:44:17 [WARNING ] piia — [RE/MAX] HTTP 400 | tentativa 2 | body: {"error":{"code":"","message":"Invalid expression: Could not find a property named 'CountryCode' on type 'search.complex.content'.\r\nParameter name: $filter"}}
2026-07-09 12:44:22 [WARNING ] piia — [RE/MAX] HTTP 400 | tentativa 3 | body: {"error":{"code":"","message":"Invalid expression: Could not find a property named 'CountryCode' on type 'search.complex.content'.\r\nParameter name: $filter"}}
2026-07-09 12:44:22 [INFO    ] piia —     RE/MAX pág 25: sem links úteis.
2026-07-09 12:44:35 [WARNING ] piia — [RE/MAX] HTTP 400 | tentativa 1 | body: {"error":{"code":"","message":"Invalid expression: Could not find a property named 'CountryCode' on type 'search.complex.content'.\r\nParameter name: $filter"}}
2026-07-09 12:44:38 [WARNING ] piia — [RE/MAX] HTTP 400 | tentativa 2 | body: {"error":{"code":"","message":"Invalid expression: Could not find a property named 'CountryCode' on type 'search.complex.content'.\r\nParameter name: $filter"}}
2026-07-09 12:44:42 [WARNING ] piia — [RE/MAX] HTTP 400 | tentativa 3 | body: {"error":{"code":"","message":"Invalid expression: Could not find a property named 'CountryCode' on type 'search.complex.content'.\r\nParameter name: $filter"}}
2026-07-09 12:44:42 [INFO    ] piia —     RE/MAX pág 26: sem links úteis.
2026-07-09 12:44:42 [INFO    ] piia —   ▶ RE/MAX Angola | arrendamento
2026-07-09 12:45:03 [WARNING ] piia — [RE/MAX] HTTP 400 | tentativa 1 | body: {"error":{"code":"","message":"Invalid expression: Could not find a property named 'CountryCode' on type 'search.complex.content'.\r\nParameter name: $filter"}}
2026-07-09 12:45:05 [WARNING ] piia — [RE/MAX] HTTP 400 | tentativa 2 | body: {"error":{"code":"","message":"Invalid expression: Could not find a property named 'CountryCode' on type 'search.complex.content'.\r\nParameter name: $filter"}}
2026-07-09 12:45:10 [WARNING ] piia — [RE/MAX] HTTP 400 | tentativa 3 | body: {"error":{"code":"","message":"Invalid expression: Could not find a property named 'CountryCode' on type 'search.complex.content'.\r\nParameter name: $filter"}}
2026-07-09 12:45:10 [WARNING ] piia —     [RE/MAX] API sem URLs — tentando fallback HTML da primeira página
2026-07-09 12:45:10 [INFO    ] piia —     RE/MAX pág 1: sem links úteis.
2026-07-09 12:45:36 [WARNING ] piia — [RE/MAX] HTTP 400 | tentativa 1 | body: {"error":{"code":"","message":"Invalid expression: Could not find a property named 'CountryCode' on type 'search.complex.content'.\r\nParameter name: $filter"}}
2026-07-09 12:45:38 [WARNING ] piia — [RE/MAX] HTTP 400 | tentativa 2 | body: {"error":{"code":"","message":"Invalid expression: Could not find a property named 'CountryCode' on type 'search.complex.content'.\r\nParameter name: $filter"}}
2026-07-09 12:45:43 [WARNING ] piia — [RE/MAX] HTTP 400 | tentativa 3 | body: {"error":{"code":"","message":"Invalid expression: Could not find a property named 'CountryCode' on type 'search.complex.content'.\r\nParameter name: $filter"}}
2026-07-09 12:45:43 [INFO    ] piia —     RE/MAX pág 2: sem links úteis.
2026-07-09 12:45:43 [INFO    ] piia —   ✔ RE/MAX Angola: 0 anúncios total
2026-07-09 12:45:43 [INFO    ] piia — ✅ Base de dados OK.
2026-07-09 12:45:43 [INFO    ] piia — ──────────────────────────────────────────────────
2026-07-09 12:45:43 [INFO    ] piia —   Coletados    : 0
2026-07-09 12:45:43 [INFO    ] piia —   Novos        : 0
2026-07-09 12:45:43 [INFO    ] piia —   Atualizados  : 0
2026-07-09 12:45:43 [INFO    ] piia —   Preço alterado: 0
2026-07-09 12:45:43 [INFO    ] piia —   Removidos    : 0
2026-07-09 12:45:43 [INFO    ] piia —   Erros        : 0
2026-07-09 12:45:43 [INFO    ] piia — ──────────────────────────────────────────────────
2026-07-09 12:45:44 [INFO    ] piia — ✅ Backup: piia_backup_20260709_124544.db
2026-07-09 12:45:44 [INFO    ] piia — ▶ EXCEL — exportar relatório
2026-07-09 15:33:36 [INFO    ] piia — ════════════════════════════════════════════════════════════
2026-07-09 15:33:36 [INFO    ] piia —   PIIA v2.10 — Fase 1
2026-07-09 15:33:36 [INFO    ] piia —   Início: 2026-07-09 15:33:36
2026-07-09 15:33:36 [INFO    ] piia —   ROOT  : C:\Users\Admins\Desktop\sampleproject
2026-07-09 15:33:36 [INFO    ] piia — ════════════════════════════════════════════════════════════
2026-07-09 15:33:36 [INFO    ] piia — ▶ SETUP — criar estrutura de pastas
2026-07-09 15:33:36 [INFO    ] piia —   ✔ config
2026-07-09 15:33:36 [INFO    ] piia —   ✔ database
2026-07-09 15:33:36 [INFO    ] piia —   ✔ data/raw
2026-07-09 15:33:36 [INFO    ] piia —   ✔ data/processed
2026-07-09 15:33:36 [INFO    ] piia —   ✔ data/cache
2026-07-09 15:33:36 [INFO    ] piia —   ✔ reports/excel
2026-07-09 15:33:36 [INFO    ] piia —   ✔ reports/pdf
2026-07-09 15:33:36 [INFO    ] piia —   ✔ reports/dashboards
2026-07-09 15:33:36 [INFO    ] piia —   ✔ market_reports/PDFs Mercado
2026-07-09 15:33:36 [INFO    ] piia —   ✔ market_reports/Noticias
2026-07-09 15:33:36 [INFO    ] piia —   ✔ market_reports/Processados
2026-07-09 15:33:36 [INFO    ] piia —   ✔ project_sources/Infraestruturas
2026-07-09 15:33:36 [INFO    ] piia —   ✔ project_sources/Projetos Publicos
2026-07-09 15:33:36 [INFO    ] piia —   ✔ project_sources/Projetos Privados
2026-07-09 15:33:36 [INFO    ] piia —   ✔ project_sources/Noticias
2026-07-09 15:33:36 [INFO    ] piia —   ✔ screenshots
2026-07-09 15:33:36 [INFO    ] piia —   ✔ html_debug
2026-07-09 15:33:36 [INFO    ] piia —   ✔ logs
2026-07-09 15:33:36 [INFO    ] piia —   ✔ tests
2026-07-09 15:33:36 [INFO    ] piia —   ✔ backups
2026-07-09 15:33:36 [INFO    ] piia —   ✔ src
2026-07-09 15:33:36 [INFO    ] piia — ✅ Estrutura criada.
2026-07-09 15:33:36 [INFO    ] piia — ✅ Base de dados OK.
2026-07-09 15:33:36 [INFO    ] piia — ▶ SCRAPING — recolher anúncios
2026-07-09 15:33:37 [INFO    ] piia — ✅ Base de dados OK.
2026-07-09 15:33:37 [INFO    ] piia —   ▶ RE/MAX Angola | compra
2026-07-09 15:33:37 [INFO    ] piia —     [RE/MAX] Retomando do checkpoint: pág 25
2026-07-09 15:33:59 [WARNING ] piia — [RE/MAX] HTTP 400 | tentativa 1 | body: {"error":{"code":"","message":"Invalid expression: Could not find a property named 'CountryCode' on type 'search.complex.content'.\r\nParameter name: $filter"}}
2026-07-09 15:34:01 [WARNING ] piia — [RE/MAX] HTTP 400 | tentativa 2 | body: {"error":{"code":"","message":"Invalid expression: Could not find a property named 'CountryCode' on type 'search.complex.content'.\r\nParameter name: $filter"}}
2026-07-09 15:34:05 [WARNING ] piia — [RE/MAX] HTTP 400 | tentativa 3 | body: {"error":{"code":"","message":"Invalid expression: Could not find a property named 'CountryCode' on type 'search.complex.content'.\r\nParameter name: $filter"}}
2026-07-09 15:34:05 [INFO    ] piia —     RE/MAX pág 25: sem links úteis.
2026-07-09 15:34:15 [WARNING ] piia — Scraping interrompido pelo utilizador.
2026-07-09 15:34:17 [WARNING ] piia — [RE/MAX] HTTP 400 | tentativa 1 | body: {"error":{"code":"","message":"Invalid expression: Could not find a property named 'CountryCode' on type 'search.complex.content'.\r\nParameter name: $filter"}}
2026-07-09 15:34:18 [INFO    ] piia — ▶ EXCEL — exportar relatório
2026-07-09 15:34:20 [WARNING ] piia — [RE/MAX] HTTP 400 | tentativa 2 | body: {"error":{"code":"","message":"Invalid expression: Could not find a property named 'CountryCode' on type 'search.complex.content'.\r\nParameter name: $filter"}}
2026-07-09 15:34:24 [WARNING ] piia — [RE/MAX] HTTP 400 | tentativa 3 | body: {"error":{"code":"","message":"Invalid expression: Could not find a property named 'CountryCode' on type 'search.complex.content'.\r\nParameter name: $filter"}}
2026-07-09 15:34:24 [INFO    ] piia —     RE/MAX pág 26: sem links úteis.
2026-07-09 15:34:24 [INFO    ] piia —   ▶ RE/MAX Angola | arrendamento
2026-07-09 15:40:21 [INFO    ] piia — ════════════════════════════════════════════════════════════
2026-07-09 15:40:21 [INFO    ] piia —   PIIA v2.10 — Fase 1
2026-07-09 15:40:21 [INFO    ] piia —   Início: 2026-07-09 15:40:21
2026-07-09 15:40:21 [INFO    ] piia —   ROOT  : C:\Users\Admins\Desktop\sampleproject
2026-07-09 15:40:21 [INFO    ] piia — ════════════════════════════════════════════════════════════
2026-07-09 15:40:21 [INFO    ] piia — ▶ SETUP — criar estrutura de pastas
2026-07-09 15:40:21 [INFO    ] piia —   ✔ config
2026-07-09 15:40:21 [INFO    ] piia —   ✔ database
2026-07-09 15:40:21 [INFO    ] piia —   ✔ data/raw
2026-07-09 15:40:21 [INFO    ] piia —   ✔ data/processed
2026-07-09 15:40:21 [INFO    ] piia —   ✔ data/cache
2026-07-09 15:40:21 [INFO    ] piia —   ✔ reports/excel
2026-07-09 15:40:21 [INFO    ] piia —   ✔ reports/pdf
2026-07-09 15:40:21 [INFO    ] piia —   ✔ reports/dashboards
2026-07-09 15:40:21 [INFO    ] piia —   ✔ market_reports/PDFs Mercado
2026-07-09 15:40:21 [INFO    ] piia —   ✔ market_reports/Noticias
2026-07-09 15:40:21 [INFO    ] piia —   ✔ market_reports/Processados
2026-07-09 15:40:21 [INFO    ] piia —   ✔ project_sources/Infraestruturas
2026-07-09 15:40:21 [INFO    ] piia —   ✔ project_sources/Projetos Publicos
2026-07-09 15:40:21 [INFO    ] piia —   ✔ project_sources/Projetos Privados
2026-07-09 15:40:21 [INFO    ] piia —   ✔ project_sources/Noticias
2026-07-09 15:40:21 [INFO    ] piia —   ✔ screenshots
2026-07-09 15:40:21 [INFO    ] piia —   ✔ html_debug
2026-07-09 15:40:21 [INFO    ] piia —   ✔ logs
2026-07-09 15:40:21 [INFO    ] piia —   ✔ tests
2026-07-09 15:40:21 [INFO    ] piia —   ✔ backups
2026-07-09 15:40:21 [INFO    ] piia —   ✔ src
2026-07-09 15:40:21 [INFO    ] piia — ✅ Estrutura criada.
2026-07-09 15:40:21 [INFO    ] piia — ✅ Base de dados OK.
2026-07-09 15:40:21 [INFO    ] piia — ▶ SCRAPING — recolher anúncios
2026-07-09 15:40:21 [INFO    ] piia — ✅ Base de dados OK.
2026-07-09 15:40:21 [INFO    ] piia —   ▶ RE/MAX Angola | compra
2026-07-09 15:40:22 [INFO    ] piia —     [RE/MAX] Retomando do checkpoint: pág 25
2026-07-09 15:40:42 [WARNING ] piia — [RE/MAX] HTTP 400 | tentativa 1 | body: {"error":{"code":"","message":"Invalid expression: Could not find a property named 'CountryName' on type 'search.complex.content'.\r\nParameter name: $filter"}}
2026-07-09 15:40:45 [WARNING ] piia — [RE/MAX] HTTP 400 | tentativa 2 | body: {"error":{"code":"","message":"Invalid expression: Could not find a property named 'CountryName' on type 'search.complex.content'.\r\nParameter name: $filter"}}
2026-07-09 15:40:49 [WARNING ] piia — [RE/MAX] HTTP 400 | tentativa 3 | body: {"error":{"code":"","message":"Invalid expression: Could not find a property named 'CountryName' on type 'search.complex.content'.\r\nParameter name: $filter"}}
2026-07-09 15:40:49 [INFO    ] piia —     RE/MAX pág 25: sem links úteis.
2026-07-09 15:41:09 [WARNING ] piia — [RE/MAX] HTTP 400 | tentativa 1 | body: {"error":{"code":"","message":"Invalid expression: Could not find a property named 'CountryName' on type 'search.complex.content'.\r\nParameter name: $filter"}}
2026-07-09 15:41:11 [WARNING ] piia — [RE/MAX] HTTP 400 | tentativa 2 | body: {"error":{"code":"","message":"Invalid expression: Could not find a property named 'CountryName' on type 'search.complex.content'.\r\nParameter name: $filter"}}
2026-07-09 15:41:16 [WARNING ] piia — [RE/MAX] HTTP 400 | tentativa 3 | body: {"error":{"code":"","message":"Invalid expression: Could not find a property named 'CountryName' on type 'search.complex.content'.\r\nParameter name: $filter"}}
2026-07-09 15:41:16 [INFO    ] piia —     RE/MAX pág 26: sem links úteis.
2026-07-09 15:41:16 [INFO    ] piia —   ▶ RE/MAX Angola | arrendamento
2026-07-09 15:42:01 [WARNING ] piia — [RE/MAX] HTTP 400 | tentativa 1 | body: {"error":{"code":"","message":"Invalid expression: Could not find a property named 'CountryName' on type 'search.complex.content'.\r\nParameter name: $filter"}}
2026-07-09 15:42:02 [WARNING ] piia — Scraping interrompido pelo utilizador.
2026-07-09 15:42:03 [INFO    ] piia — ▶ EXCEL — exportar relatório
2026-07-09 15:42:03 [WARNING ] piia — [RE/MAX] HTTP 400 | tentativa 2 | body: {"error":{"code":"","message":"Invalid expression: Could not find a property named 'CountryName' on type 'search.complex.content'.\r\nParameter name: $filter"}}
2026-07-09 15:42:08 [WARNING ] piia — [RE/MAX] HTTP 400 | tentativa 3 | body: {"error":{"code":"","message":"Invalid expression: Could not find a property named 'CountryName' on type 'search.complex.content'.\r\nParameter name: $filter"}}
2026-07-09 15:42:08 [WARNING ] piia —     [RE/MAX] API sem URLs — tentando fallback HTML da primeira página
2026-07-09 15:42:08 [INFO    ] piia —     RE/MAX pág 1: sem links úteis.
2026-07-09 15:46:41 [INFO    ] piia — ════════════════════════════════════════════════════════════
2026-07-09 15:46:41 [INFO    ] piia —   PIIA v2.10 — Fase 1
2026-07-09 15:46:41 [INFO    ] piia —   Início: 2026-07-09 15:46:41
2026-07-09 15:46:41 [INFO    ] piia —   ROOT  : C:\Users\Admins\Desktop\sampleproject
2026-07-09 15:46:41 [INFO    ] piia — ════════════════════════════════════════════════════════════
2026-07-09 15:46:41 [INFO    ] piia — ▶ SETUP — criar estrutura de pastas
2026-07-09 15:46:41 [INFO    ] piia —   ✔ config
2026-07-09 15:46:41 [INFO    ] piia —   ✔ database
2026-07-09 15:46:41 [INFO    ] piia —   ✔ data/raw
2026-07-09 15:46:41 [INFO    ] piia —   ✔ data/processed
2026-07-09 15:46:41 [INFO    ] piia —   ✔ data/cache
2026-07-09 15:46:41 [INFO    ] piia —   ✔ reports/excel
2026-07-09 15:46:41 [INFO    ] piia —   ✔ reports/pdf
2026-07-09 15:46:41 [INFO    ] piia —   ✔ reports/dashboards
2026-07-09 15:46:41 [INFO    ] piia —   ✔ market_reports/PDFs Mercado
2026-07-09 15:46:41 [INFO    ] piia —   ✔ market_reports/Noticias
2026-07-09 15:46:41 [INFO    ] piia —   ✔ market_reports/Processados
2026-07-09 15:46:41 [INFO    ] piia —   ✔ project_sources/Infraestruturas
2026-07-09 15:46:41 [INFO    ] piia —   ✔ project_sources/Projetos Publicos
2026-07-09 15:46:41 [INFO    ] piia —   ✔ project_sources/Projetos Privados
2026-07-09 15:46:41 [INFO    ] piia —   ✔ project_sources/Noticias
2026-07-09 15:46:41 [INFO    ] piia —   ✔ screenshots
2026-07-09 15:46:41 [INFO    ] piia —   ✔ html_debug
2026-07-09 15:46:41 [INFO    ] piia —   ✔ logs
2026-07-09 15:46:41 [INFO    ] piia —   ✔ tests
2026-07-09 15:46:41 [INFO    ] piia —   ✔ backups
2026-07-09 15:46:41 [INFO    ] piia —   ✔ src
2026-07-09 15:46:41 [INFO    ] piia — ✅ Estrutura criada.
2026-07-09 15:46:41 [INFO    ] piia — ✅ Base de dados OK.
2026-07-09 15:46:41 [INFO    ] piia — ▶ SCRAPING — recolher anúncios
2026-07-09 15:46:41 [INFO    ] piia — ✅ Base de dados OK.
2026-07-09 15:46:41 [INFO    ] piia —   ▶ RE/MAX Angola | compra
2026-07-09 15:46:41 [INFO    ] piia —     [RE/MAX] Retomando do checkpoint: pág 25
2026-07-09 15:46:47 [WARNING ] piia — [RE/MAX] HTTP 400 | tentativa 1 | body: {"error":{"code":"","message":"Invalid expression: Could not find a property named 'ListingCountryCod' on type 'search.complex.content'.\r\nParameter name: $filter"}}
2026-07-09 15:46:50 [WARNING ] piia — [RE/MAX] HTTP 400 | tentativa 2 | body: {"error":{"code":"","message":"Invalid expression: Could not find a property named 'ListingCountryCod' on type 'search.complex.content'.\r\nParameter name: $filter"}}
2026-07-09 15:46:54 [WARNING ] piia — [RE/MAX] HTTP 400 | tentativa 3 | body: {"error":{"code":"","message":"Invalid expression: Could not find a property named 'ListingCountryCod' on type 'search.complex.content'.\r\nParameter name: $filter"}}
2026-07-09 15:46:54 [INFO    ] piia —     RE/MAX pág 25: sem links úteis.
2026-07-09 15:46:57 [WARNING ] piia — Scraping interrompido pelo utilizador.
2026-07-09 15:46:57 [INFO    ] piia — ▶ EXCEL — exportar relatório
2026-07-09 15:46:59 [WARNING ] piia — [RE/MAX] HTTP 400 | tentativa 1 | body: {"error":{"code":"","message":"Invalid expression: Could not find a property named 'ListingCountryCod' on type 'search.complex.content'.\r\nParameter name: $filter"}}
2026-07-09 15:47:01 [WARNING ] piia — [RE/MAX] HTTP 400 | tentativa 2 | body: {"error":{"code":"","message":"Invalid expression: Could not find a property named 'ListingCountryCod' on type 'search.complex.content'.\r\nParameter name: $filter"}}
2026-07-09 15:47:06 [WARNING ] piia — [RE/MAX] HTTP 400 | tentativa 3 | body: {"error":{"code":"","message":"Invalid expression: Could not find a property named 'ListingCountryCod' on type 'search.complex.content'.\r\nParameter name: $filter"}}
2026-07-09 15:47:06 [INFO    ] piia —     RE/MAX pág 26: sem links úteis.
2026-07-09 15:47:06 [INFO    ] piia —   ▶ RE/MAX Angola | arrendamento
2026-07-09 15:47:12 [WARNING ] piia — [RE/MAX] HTTP 400 | tentativa 1 | body: {"error":{"code":"","message":"Invalid expression: Could not find a property named 'ListingCountryCod' on type 'search.complex.content'.\r\nParameter name: $filter"}}
2026-07-09 15:47:15 [WARNING ] piia — [RE/MAX] HTTP 400 | tentativa 2 | body: {"error":{"code":"","message":"Invalid expression: Could not find a property named 'ListingCountryCod' on type 'search.complex.content'.\r\nParameter name: $filter"}}
2026-07-09 15:47:19 [WARNING ] piia — [RE/MAX] HTTP 400 | tentativa 3 | body: {"error":{"code":"","message":"Invalid expression: Could not find a property named 'ListingCountryCod' on type 'search.complex.content'.\r\nParameter name: $filter"}}
2026-07-09 15:47:19 [WARNING ] piia —     [RE/MAX] API sem URLs — tentando fallback HTML da primeira página
2026-07-09 15:47:20 [INFO    ] piia —     RE/MAX pág 1: sem links úteis.
2026-07-09 15:47:35 [WARNING ] piia — [RE/MAX] HTTP 400 | tentativa 1 | body: {"error":{"code":"","message":"Invalid expression: Could not find a property named 'ListingCountryCod' on type 'search.complex.content'.\r\nParameter name: $filter"}}
2026-07-09 15:47:37 [WARNING ] piia — [RE/MAX] HTTP 400 | tentativa 2 | body: {"error":{"code":"","message":"Invalid expression: Could not find a property named 'ListingCountryCod' on type 'search.complex.content'.\r\nParameter name: $filter"}}
2026-07-09 15:47:42 [WARNING ] piia — [RE/MAX] HTTP 400 | tentativa 3 | body: {"error":{"code":"","message":"Invalid expression: Could not find a property named 'ListingCountryCod' on type 'search.complex.content'.\r\nParameter name: $filter"}}
2026-07-09 15:47:42 [INFO    ] piia —     RE/MAX pág 2: sem links úteis.
2026-07-09 15:47:42 [INFO    ] piia —   ✔ RE/MAX Angola: 0 anúncios total
2026-07-09 15:48:45 [INFO    ] piia — ════════════════════════════════════════════════════════════
2026-07-09 15:48:45 [INFO    ] piia —   PIIA v2.10 — Fase 1
2026-07-09 15:48:45 [INFO    ] piia —   Início: 2026-07-09 15:48:45
2026-07-09 15:48:45 [INFO    ] piia —   ROOT  : C:\Users\Admins\Desktop\sampleproject
2026-07-09 15:48:45 [INFO    ] piia — ════════════════════════════════════════════════════════════
2026-07-09 15:48:45 [INFO    ] piia — ▶ SETUP — criar estrutura de pastas
2026-07-09 15:48:45 [INFO    ] piia —   ✔ config
2026-07-09 15:48:45 [INFO    ] piia —   ✔ database
2026-07-09 15:48:45 [INFO    ] piia —   ✔ data/raw
2026-07-09 15:48:45 [INFO    ] piia —   ✔ data/processed
2026-07-09 15:48:45 [INFO    ] piia —   ✔ data/cache
2026-07-09 15:48:46 [INFO    ] piia —   ✔ reports/excel
2026-07-09 15:48:46 [INFO    ] piia —   ✔ reports/pdf
2026-07-09 15:48:46 [INFO    ] piia —   ✔ reports/dashboards
2026-07-09 15:48:46 [INFO    ] piia —   ✔ market_reports/PDFs Mercado
2026-07-09 15:48:46 [INFO    ] piia —   ✔ market_reports/Noticias
2026-07-09 15:48:46 [INFO    ] piia —   ✔ market_reports/Processados
2026-07-09 15:48:46 [INFO    ] piia —   ✔ project_sources/Infraestruturas
2026-07-09 15:48:46 [INFO    ] piia —   ✔ project_sources/Projetos Publicos
2026-07-09 15:48:46 [INFO    ] piia —   ✔ project_sources/Projetos Privados
2026-07-09 15:48:46 [INFO    ] piia —   ✔ project_sources/Noticias
2026-07-09 15:48:46 [INFO    ] piia —   ✔ screenshots
2026-07-09 15:48:46 [INFO    ] piia —   ✔ html_debug
2026-07-09 15:48:46 [INFO    ] piia —   ✔ logs
2026-07-09 15:48:46 [INFO    ] piia —   ✔ tests
2026-07-09 15:48:46 [INFO    ] piia —   ✔ backups
2026-07-09 15:48:46 [INFO    ] piia —   ✔ src
2026-07-09 15:48:47 [INFO    ] piia — ✅ Estrutura criada.
2026-07-09 15:48:47 [INFO    ] piia — ✅ Base de dados OK.
2026-07-09 15:48:47 [INFO    ] piia — ▶ SCRAPING — recolher anúncios
2026-07-09 15:48:47 [INFO    ] piia — ✅ Base de dados OK.
2026-07-09 15:48:47 [INFO    ] piia —   ▶ RE/MAX Angola | compra
2026-07-09 15:48:47 [INFO    ] piia —     [RE/MAX] Retomando do checkpoint: pág 25
2026-07-09 15:48:56 [INFO    ] piia —     RE/MAX pág 25: sem links úteis.
2026-07-09 15:49:01 [INFO    ] piia —     RE/MAX pág 26: sem links úteis.
2026-07-09 15:49:01 [INFO    ] piia —   ▶ RE/MAX Angola | arrendamento
2026-07-09 15:49:10 [WARNING ] piia —     [RE/MAX] API sem URLs — tentando fallback HTML da primeira página
2026-07-09 15:49:10 [INFO    ] piia —     RE/MAX pág 1: sem links úteis.
2026-07-09 15:49:17 [INFO    ] piia —     RE/MAX pág 2: sem links úteis.
2026-07-09 15:49:17 [INFO    ] piia —   ✔ RE/MAX Angola: 0 anúncios total
2026-07-09 15:49:17 [INFO    ] piia — ✅ Base de dados OK.
2026-07-09 15:49:17 [INFO    ] piia — ──────────────────────────────────────────────────
2026-07-09 15:49:17 [INFO    ] piia —   Coletados    : 0
2026-07-09 15:49:17 [INFO    ] piia —   Novos        : 0
2026-07-09 15:49:17 [INFO    ] piia —   Atualizados  : 0
2026-07-09 15:49:17 [INFO    ] piia —   Preço alterado: 0
2026-07-09 15:49:17 [INFO    ] piia —   Removidos    : 0
2026-07-09 15:49:17 [INFO    ] piia —   Erros        : 0
2026-07-09 15:49:17 [INFO    ] piia — ──────────────────────────────────────────────────
2026-07-09 15:49:18 [INFO    ] piia — ✅ Backup: piia_backup_20260709_154917.db
2026-07-09 15:49:18 [INFO    ] piia — ▶ EXCEL — exportar relatório
2026-07-09 16:04:26 [INFO    ] piia — ════════════════════════════════════════════════════════════
2026-07-09 16:04:26 [INFO    ] piia —   PIIA v2.10 — Fase 1
2026-07-09 16:04:26 [INFO    ] piia —   Início: 2026-07-09 16:04:26
2026-07-09 16:04:26 [INFO    ] piia —   ROOT  : C:\Users\Admins\Desktop\sampleproject
2026-07-09 16:04:26 [INFO    ] piia — ════════════════════════════════════════════════════════════
2026-07-09 16:04:26 [INFO    ] piia — ▶ SETUP — criar estrutura de pastas
2026-07-09 16:04:26 [INFO    ] piia —   ✔ config
2026-07-09 16:04:26 [INFO    ] piia —   ✔ database
2026-07-09 16:04:26 [INFO    ] piia —   ✔ data/raw
2026-07-09 16:04:26 [INFO    ] piia —   ✔ data/processed
2026-07-09 16:04:26 [INFO    ] piia —   ✔ data/cache
2026-07-09 16:04:26 [INFO    ] piia —   ✔ reports/excel
2026-07-09 16:04:26 [INFO    ] piia —   ✔ reports/pdf
2026-07-09 16:04:26 [INFO    ] piia —   ✔ reports/dashboards
2026-07-09 16:04:26 [INFO    ] piia —   ✔ market_reports/PDFs Mercado
2026-07-09 16:04:26 [INFO    ] piia —   ✔ market_reports/Noticias
2026-07-09 16:04:26 [INFO    ] piia —   ✔ market_reports/Processados
2026-07-09 16:04:26 [INFO    ] piia —   ✔ project_sources/Infraestruturas
2026-07-09 16:04:26 [INFO    ] piia —   ✔ project_sources/Projetos Publicos
2026-07-09 16:04:26 [INFO    ] piia —   ✔ project_sources/Projetos Privados
2026-07-09 16:04:26 [INFO    ] piia —   ✔ project_sources/Noticias
2026-07-09 16:04:26 [INFO    ] piia —   ✔ screenshots
2026-07-09 16:04:26 [INFO    ] piia —   ✔ html_debug
2026-07-09 16:04:26 [INFO    ] piia —   ✔ logs
2026-07-09 16:04:26 [INFO    ] piia —   ✔ tests
2026-07-09 16:04:26 [INFO    ] piia —   ✔ backups
2026-07-09 16:04:26 [INFO    ] piia —   ✔ src
2026-07-09 16:04:26 [INFO    ] piia — ✅ Estrutura criada.
2026-07-09 16:04:27 [INFO    ] piia — ✅ Base de dados OK.
2026-07-09 16:04:27 [INFO    ] piia — ▶ SCRAPING — recolher anúncios
2026-07-09 16:04:27 [INFO    ] piia — ✅ Base de dados OK.
2026-07-09 16:04:27 [INFO    ] piia —     [AngoCasa] Retomando do checkpoint: Luanda geral | pág 99
2026-07-09 16:04:27 [INFO    ] piia —   ▶ Luanda geral | compra
2026-07-09 16:04:27 [INFO    ] piia —   ✔ Luanda geral/compra: 0 anúncios | completa=False
2026-07-09 16:04:27 [INFO    ] piia —     [AngoCasa] Retomando do checkpoint: Luanda geral | pág 6
2026-07-09 16:04:27 [INFO    ] piia —   ▶ Luanda geral | arrendamento
2026-07-09 16:04:47 [INFO    ] piia —     Pág 6: 0 anúncios extraídos (total acum.: 0)
2026-07-09 16:05:15 [INFO    ] piia —     Pág 7: 0 anúncios extraídos (total acum.: 0)
2026-07-09 16:06:01 [INFO    ] piia —     Pág 8: 0 anúncios extraídos (total acum.: 0)
2026-07-09 16:06:02 [WARNING ] piia —     3 páginas consecutivas sem extração útil — parar para evitar varredura vazia.
2026-07-09 16:06:02 [INFO    ] piia —   ✔ Luanda geral/arrendamento: 0 anúncios | completa=False
2026-07-09 16:06:04 [INFO    ] piia — ──────────────────────────────────────────────────
2026-07-09 16:06:04 [INFO    ] piia —   Coletados    : 0
2026-07-09 16:06:04 [INFO    ] piia —   Novos        : 0
2026-07-09 16:06:05 [INFO    ] piia —   Atualizados  : 0
2026-07-09 16:06:05 [INFO    ] piia —   Preço alterado: 0
2026-07-09 16:06:05 [INFO    ] piia —   Removidos    : 0
2026-07-09 16:06:05 [INFO    ] piia —   Erros        : 0
2026-07-09 16:06:05 [INFO    ] piia — ──────────────────────────────────────────────────
2026-07-09 16:06:06 [INFO    ] piia — ✅ Backup: piia_backup_20260709_160605.db
2026-07-09 16:06:06 [INFO    ] piia — ▶ EXCEL — exportar relatório
2026-07-09 16:13:54 [INFO    ] piia — ✅ Excel exportado: PIIA_Fase1_20260709_1606.xlsx
2026-07-09 16:13:54 [INFO    ] piia —   Ficheiro: C:\Users\Admins\Desktop\sampleproject\reports\excel\PIIA_Fase1_20260709_1606.xlsx
2026-07-09 16:13:54 [INFO    ] piia — ════════════════════════════════════════════════════════════
2026-07-09 16:13:54 [INFO    ] piia —   RESUMO BASE DE DADOS
2026-07-09 16:13:54 [INFO    ] piia —   Total anúncios activos : 5975
2026-07-09 16:13:54 [INFO    ] piia —   → Compra               : 5433
2026-07-09 16:13:54 [INFO    ] piia —   → Arrendamento         : 542
2026-07-09 16:13:54 [INFO    ] piia —   Bairros com dados      : 181
2026-07-09 16:13:54 [INFO    ] piia —   Hist. alterações preço : 0
2026-07-09 16:13:54 [INFO    ] piia —   Última extração        : 2026-07-05T23:07:51.384999
2026-07-09 16:13:54 [INFO    ] piia — ════════════════════════════════════════════════════════════
2026-07-09 16:13:54 [INFO    ] piia — ✅ PIIA Fase 1 concluída.
